I'm sorry, but errors were detected in your script. Please correct the
errors listed below, and try again.


File "game/scripts/Chapter1/introScene.rpy", line 101: expected ':' not found.
    menu
        ^

Ren'Py Version: Ren'Py 7.3.5.606
Thu Feb 27 23:31:29 2020
